integer
integer
epsilon decl list

parsing tree
x: array [5] integer
y: array [5] array [5] integer
main: function void () = {
    y = x;
}

done printing tree
curr scope on enter: 1
name : x entered scope : 1
name : y entered scope : 1
name : main entered scope : 1
curr scope on enter: 2
curr scope on enter: 3
curr scope on exit: 2
curr scope on exit: 1
curr scope on exit: 0
