Error: unsupported expression type 11
Error: unsupported expression type 11
Error: unsupported expression type 11
Error: unsupported expression type 11
Error: unsupported expression type 11
Error: unsupported expression type 11
Error: unsupported expression type 11
Error: unsupported expression type 11
Error: unsupported expression type 11
