integer
integer
integer
decl creat name is c
integer
epsilon decl list

parsing tree
intFxn: function integer (c: char)
glob: integer = 1;
main: function void () = {
    c: integer
    if (6 == intFxn('c')) {
        print "unreachable";
    }
    if (5 >= 5) {
        print "unreachable";
    }
    if (c > 5) {
        print "unreachable";
    }
    if (c >= 5) {
        print "unreachable";
    }
    if (intFxn('a') <= 5) {
        print "reachable";
    }
    if (glob < 5) {
        print "reachable";
    }
}
intFxn: function integer (c: char) = {
    if (c == 'a') {
        return 5;
    }
    return 0;
}

done printing tree
curr scope on enter: 1
name : intFxn entered scope : 1
name : glob entered scope : 1
name : main entered scope : 1
curr scope on enter: 2
curr scope on enter: 3
name : c entered scope : 3
curr scope on enter: 4
curr scope on exit: 3
curr scope on enter: 4
curr scope on exit: 3
curr scope on enter: 4
curr scope on exit: 3
curr scope on enter: 4
curr scope on exit: 3
curr scope on enter: 4
curr scope on exit: 3
curr scope on enter: 4
curr scope on exit: 3
curr scope on exit: 2
curr scope on exit: 1
name : intFxn entered scope : 1
curr scope on enter: 2
name : c entered scope : 2
curr scope on enter: 3
curr scope on enter: 4
curr scope on exit: 3
curr scope on exit: 2
curr scope on exit: 1
curr scope on exit: 0
