integer
integer
integer
integer
integer
integer
integer
epsilon decl list

parsing tree
x: integer = 5;
y: integer = 10;
main: function void () = {
    x: integer = 5;
    y: integer = 10;
    {
        x: integer = 5;
        y: integer = 10;
        {
            x: char = 'a';
            y: integer = 10;
        }
        y = x + y;
    }
}

done printing tree
curr scope on enter: 1
name : x entered scope : 1
name : y entered scope : 1
name : main entered scope : 1
curr scope on enter: 2
curr scope on enter: 3
name : x entered scope : 3
name : y entered scope : 3
name : x entered scope : 3
name : y entered scope : 3
name : x entered scope : 3
name : y entered scope : 3
curr scope on exit: 2
curr scope on exit: 1
curr scope on exit: 0
