integer
decl creat name is x
parse error: syntax error
