epsilon decl list

parsing tree

done printing tree
parse error: syntax error
