decl creat name is str2
integer
decl creat name is x
epsilon decl list

parsing tree
str: string = "this is a string";
str2: string
x: integer
main: function void () = {
    print ;
    print "\\n \\r \\t \\0";
    print x, y, "hello", true, false;
    print str, " str ", x, str2;
}

done printing tree
yyparse return 0
