epsilon decl list

parsing tree

done printing tree
yyparse return 0
