integer
epsilon decl list

parsing tree
main: function void () = {
    x: integer = 5;
    if (4 < 5) if (10 < 20) for (x = 0; x < 5; x++) if (4 < 5) print "helloo\\n";
    else print "hello\\n";
    else print "goodbye";
}

done printing tree
yyparse return 0
