integer
integer
epsilon decl list

parsing tree
main: function void () = {
    x: integer = 5;
    y: integer = 4;
    if ((true || false) && true) {
        x = 6;
    }
}

done printing tree
yyparse return 0
